=== Database tests ===
 PASS: Database loads players.json
 PASS: Database loads questions.json
 PASS: Database loads sessions.json
=== Player / playerService tests ===
 PASS: players wrapper create/get/update/delete
 PASS: playerService rejects invalid names
 PASS: playerService create/fetch/update/delete flow
=== Questions / quizService tests ===
 PASS: questions.getAll() returns an array
 PASS: quizService.getQuestionsBySubject returns correct prefix questions
=== Sessions / sessionService tests ===
 PASS: sessions wrapper create/get/update works
 PASS: sessionService join + current-question + next-question

==============================
       TEST SUMMARY
==============================
Total tests:   10
Passed tests:  10
Failed tests:  0
 ALL TESTS PASSED! GREAT JOB!
==============================

